cortex_wire_program_v1_init
cortex_wire_program_v1_drive
cortex_wire_program_v1_complete
cortex_wire_program_v1_terminal
cortex_wire_program_v1_node_count
cortex_wire_program_v1_node_status
cortex_wire_program_v1_output_handle
cortex_wire_engine_v1_program_identity
cortex_wire_engine_v1_init
cortex_wire_engine_v1_drive
cortex_wire_engine_v1_complete
cortex_wire_engine_v1_checkpoint_committed
cortex_wire_engine_v1_export_state
cortex_wire_engine_v1_import_state
cortex_wire_engine_v1_cancel
cortex_wire_engine_v1_terminal
