{
  "schema": "cortex.wire.program-manifest/v1",
  "source_schema": "cortex.wire.static-program/v1",
  "admission_schema_version": 4,
  "program_id": "freestanding-two-node",
  "program_identity": "fixture-freestanding-two-node-v1",
  "node_count": 2,
  "edge_count": 1,
  "topological_order": [0, 1],
  "nodes": [
    {"id": 0, "ref": "first", "executor": "fixture.async"},
    {"id": 1, "ref": "second", "executor": "fixture.immediate"}
  ],
  "edges": [
    {"from": 0, "to": 1}
  ]
}
