{
  "schema": "cortex.wire.program-manifest/v1",
  "source_schema": "cortex.wire.static-program/v1",
  "admission_schema_version": 4,
  "program_id": "freestanding-two-node",
  "program_identity": "empty",
  "node_count": 0,
  "edge_count": 0,
  "topological_order": [],
  "nodes": [

  ],
  "edges": [

  ]
}
